[     348ms] [LOG] [WS] Connected to ws://localhost:7860/api/ws @ http://localhost:7860/assets/index-DpYj28EZ.js:21
[    1165ms] [ERROR] Failed to load resource: the server responded with a status of 404 (Not Found) @ http://localhost:7860/api/v1/settings/spindle%3Alumiverse_suite%3Acharacter_display%3AcharacterDisplaySettings:0
[    1319ms] [LOG] [la-geom] initial layout snapshot {viewport: Object, drawer: Object, thread: Object, composer: Object, mousey: Object} @ blob:http://localhost:7860/49808792-3f35-4407-badb-9b09e2d04ed7:8113
[    3070ms] [LOG] [lumiagent] chats_pushed received {msgCharacterId: d6c51e90-6f2a-4e8a-866d-5f8a36e6a6ac, stateCharacterId: d6c51e90-6f2a-4e8a-866d-5f8a36e6a6ac, pinnedChatId: null, chatCount: 1, applies: true} @ blob:http://localhost:7860/49808792-3f35-4407-badb-9b09e2d04ed7:7837
[    3089ms] [LOG] [lumiagent] chats_pushed received {msgCharacterId: d6c51e90-6f2a-4e8a-866d-5f8a36e6a6ac, stateCharacterId: d6c51e90-6f2a-4e8a-866d-5f8a36e6a6ac, pinnedChatId: null, chatCount: 1, applies: true} @ blob:http://localhost:7860/49808792-3f35-4407-badb-9b09e2d04ed7:7837
[   16224ms] [LOG] [WS] Connected to ws://localhost:7860/api/ws @ http://localhost:7860/assets/index-DpYj28EZ.js:21
[   16602ms] [ERROR] Failed to load resource: the server responded with a status of 404 (Not Found) @ http://localhost:7860/api/v1/settings/spindle%3Alumiverse_suite%3Acharacter_display%3AcharacterDisplaySettings:0
[   16752ms] [LOG] [la-geom] initial layout snapshot {viewport: Object, drawer: Object, thread: Object, composer: Object, mousey: Object} @ blob:http://localhost:7860/53ef8bc6-1c3d-47bb-8f8e-5898df1a2c69:8113
[   17722ms] [LOG] [lumiagent] chats_pushed received {msgCharacterId: d6c51e90-6f2a-4e8a-866d-5f8a36e6a6ac, stateCharacterId: d6c51e90-6f2a-4e8a-866d-5f8a36e6a6ac, pinnedChatId: null, chatCount: 1, applies: true} @ blob:http://localhost:7860/53ef8bc6-1c3d-47bb-8f8e-5898df1a2c69:7837
[   17825ms] [LOG] [lumiagent] chats_pushed received {msgCharacterId: d6c51e90-6f2a-4e8a-866d-5f8a36e6a6ac, stateCharacterId: d6c51e90-6f2a-4e8a-866d-5f8a36e6a6ac, pinnedChatId: null, chatCount: 1, applies: true} @ blob:http://localhost:7860/53ef8bc6-1c3d-47bb-8f8e-5898df1a2c69:7837
[  252227ms] [LOG] [WS] Connected to ws://localhost:7860/api/ws @ http://localhost:7860/assets/index-DpYj28EZ.js:21
[  252652ms] [ERROR] Failed to load resource: the server responded with a status of 404 (Not Found) @ http://localhost:7860/api/v1/settings/spindle%3Alumiverse_suite%3Acharacter_display%3AcharacterDisplaySettings:0
[  253933ms] [LOG] [la-geom] initial layout snapshot {viewport: Object, drawer: Object, thread: Object, composer: Object, mousey: Object} @ blob:http://localhost:7860/1c74e7b7-1156-41dd-97b5-47814440bbff:8113
[  254256ms] [LOG] [lumiagent] chats_pushed received {msgCharacterId: d6c51e90-6f2a-4e8a-866d-5f8a36e6a6ac, stateCharacterId: d6c51e90-6f2a-4e8a-866d-5f8a36e6a6ac, pinnedChatId: null, chatCount: 1, applies: true} @ blob:http://localhost:7860/1c74e7b7-1156-41dd-97b5-47814440bbff:7837
[  254668ms] [LOG] [lumiagent] chats_pushed received {msgCharacterId: d6c51e90-6f2a-4e8a-866d-5f8a36e6a6ac, stateCharacterId: d6c51e90-6f2a-4e8a-866d-5f8a36e6a6ac, pinnedChatId: null, chatCount: 1, applies: true} @ blob:http://localhost:7860/1c74e7b7-1156-41dd-97b5-47814440bbff:7837
[  926374ms] [LOG] [WS] Connected to ws://localhost:7860/api/ws @ http://localhost:7860/assets/index-BhYSYY-x.js:21
[  927031ms] [ERROR] Failed to load resource: the server responded with a status of 404 (Not Found) @ http://localhost:7860/api/v1/settings/spindle%3Alumiverse_suite%3Acharacter_display%3AcharacterDisplaySettings:0
[  928374ms] [LOG] [la-geom] initial layout snapshot {viewport: Object, drawer: Object, thread: Object, composer: Object, mousey: Object} @ blob:http://localhost:7860/fafba01d-6aa6-42d5-bb20-1f366773a2bb:8113
[  928754ms] [LOG] [lumiagent] chats_pushed received {msgCharacterId: d6c51e90-6f2a-4e8a-866d-5f8a36e6a6ac, stateCharacterId: d6c51e90-6f2a-4e8a-866d-5f8a36e6a6ac, pinnedChatId: null, chatCount: 1, applies: true} @ blob:http://localhost:7860/fafba01d-6aa6-42d5-bb20-1f366773a2bb:7837
[  928754ms] [LOG] [lumiagent] chats_pushed received {msgCharacterId: d6c51e90-6f2a-4e8a-866d-5f8a36e6a6ac, stateCharacterId: d6c51e90-6f2a-4e8a-866d-5f8a36e6a6ac, pinnedChatId: null, chatCount: 1, applies: true} @ blob:http://localhost:7860/fafba01d-6aa6-42d5-bb20-1f366773a2bb:7837
[  947484ms] [LOG] [WS] Connected to ws://localhost:7860/api/ws @ http://localhost:7860/assets/index-BhYSYY-x.js:21
[  947849ms] [ERROR] Failed to load resource: the server responded with a status of 404 (Not Found) @ http://localhost:7860/api/v1/settings/spindle%3Alumiverse_suite%3Acharacter_display%3AcharacterDisplaySettings:0
[  948443ms] [LOG] [la-geom] initial layout snapshot {viewport: Object, drawer: Object, thread: Object, composer: Object, mousey: Object} @ blob:http://localhost:7860/21383b78-e4ba-4f16-83b0-949836eed85c:8113
[  948746ms] [LOG] [lumiagent] chats_pushed received {msgCharacterId: d6c51e90-6f2a-4e8a-866d-5f8a36e6a6ac, stateCharacterId: d6c51e90-6f2a-4e8a-866d-5f8a36e6a6ac, pinnedChatId: null, chatCount: 1, applies: true} @ blob:http://localhost:7860/21383b78-e4ba-4f16-83b0-949836eed85c:7837
[  948756ms] [LOG] [lumiagent] chats_pushed received {msgCharacterId: d6c51e90-6f2a-4e8a-866d-5f8a36e6a6ac, stateCharacterId: d6c51e90-6f2a-4e8a-866d-5f8a36e6a6ac, pinnedChatId: null, chatCount: 1, applies: true} @ blob:http://localhost:7860/21383b78-e4ba-4f16-83b0-949836eed85c:7837
[  973180ms] [LOG] [WS] Connected to ws://localhost:7860/api/ws @ http://localhost:7860/assets/index-BhYSYY-x.js:21
[  973535ms] [ERROR] Failed to load resource: the server responded with a status of 404 (Not Found) @ http://localhost:7860/api/v1/settings/spindle%3Alumiverse_suite%3Acharacter_display%3AcharacterDisplaySettings:0
[  974435ms] [LOG] [la-geom] initial layout snapshot {viewport: Object, drawer: Object, thread: Object, composer: Object, mousey: Object} @ blob:http://localhost:7860/ad199225-18d2-40f9-9141-aff01e3a05aa:8113
[  974668ms] [LOG] [lumiagent] chats_pushed received {msgCharacterId: d6c51e90-6f2a-4e8a-866d-5f8a36e6a6ac, stateCharacterId: d6c51e90-6f2a-4e8a-866d-5f8a36e6a6ac, pinnedChatId: null, chatCount: 1, applies: true} @ blob:http://localhost:7860/ad199225-18d2-40f9-9141-aff01e3a05aa:7837
