[     273ms] [LOG] [WS] Connected to ws://localhost:7860/api/ws @ http://localhost:7860/assets/index-CprhqZZh.js:21
[     747ms] [ERROR] Failed to load resource: the server responded with a status of 404 (Not Found) @ http://localhost:7860/api/v1/settings/spindle%3Alumiverse_suite%3Acharacter_display%3AcharacterDisplaySettings:0
[    2377ms] [LOG] [la-geom] initial layout snapshot {viewport: Object, drawer: Object, thread: Object, composer: Object, mousey: Object} @ blob:http://localhost:7860/18e914bd-a018-478b-b88b-ae4daee91fc6:8113
[    2690ms] [LOG] [lumiagent] chats_pushed received {msgCharacterId: d6c51e90-6f2a-4e8a-866d-5f8a36e6a6ac, stateCharacterId: d6c51e90-6f2a-4e8a-866d-5f8a36e6a6ac, pinnedChatId: null, chatCount: 1, applies: true} @ blob:http://localhost:7860/18e914bd-a018-478b-b88b-ae4daee91fc6:7837
[    2691ms] [LOG] [lumiagent] chats_pushed received {msgCharacterId: d6c51e90-6f2a-4e8a-866d-5f8a36e6a6ac, stateCharacterId: d6c51e90-6f2a-4e8a-866d-5f8a36e6a6ac, pinnedChatId: null, chatCount: 1, applies: true} @ blob:http://localhost:7860/18e914bd-a018-478b-b88b-ae4daee91fc6:7837
[ 1087352ms] [LOG] [WS] Connected to ws://localhost:7860/api/ws @ http://localhost:7860/assets/index-CprhqZZh.js:21
[ 1087999ms] [ERROR] Failed to load resource: the server responded with a status of 404 (Not Found) @ http://localhost:7860/api/v1/settings/spindle%3Alumiverse_suite%3Acharacter_display%3AcharacterDisplaySettings:0
[ 1089610ms] [LOG] [la-geom] initial layout snapshot {viewport: Object, drawer: Object, thread: Object, composer: Object, mousey: Object} @ blob:http://localhost:7860/2c1c1b29-9400-455d-9f16-95683e34f990:8113
[ 1091231ms] [LOG] [lumiagent] chats_pushed received {msgCharacterId: d6c51e90-6f2a-4e8a-866d-5f8a36e6a6ac, stateCharacterId: d6c51e90-6f2a-4e8a-866d-5f8a36e6a6ac, pinnedChatId: null, chatCount: 1, applies: true} @ blob:http://localhost:7860/2c1c1b29-9400-455d-9f16-95683e34f990:7837
[ 1093013ms] [LOG] [lumiagent] chats_pushed received {msgCharacterId: d6c51e90-6f2a-4e8a-866d-5f8a36e6a6ac, stateCharacterId: d6c51e90-6f2a-4e8a-866d-5f8a36e6a6ac, pinnedChatId: null, chatCount: 1, applies: true} @ blob:http://localhost:7860/2c1c1b29-9400-455d-9f16-95683e34f990:7837
[ 1093013ms] [LOG] [lumiagent] chats_pushed received {msgCharacterId: d6c51e90-6f2a-4e8a-866d-5f8a36e6a6ac, stateCharacterId: d6c51e90-6f2a-4e8a-866d-5f8a36e6a6ac, pinnedChatId: null, chatCount: 1, applies: true} @ blob:http://localhost:7860/2c1c1b29-9400-455d-9f16-95683e34f990:7837
[ 1194981ms] [LOG] [lumiagent] chats_pushed received {msgCharacterId: d6c51e90-6f2a-4e8a-866d-5f8a36e6a6ac, stateCharacterId: d6c51e90-6f2a-4e8a-866d-5f8a36e6a6ac, pinnedChatId: null, chatCount: 1, applies: true} @ blob:http://localhost:7860/2c1c1b29-9400-455d-9f16-95683e34f990:7837
[ 1195709ms] [LOG] [lumiagent] chats_pushed received {msgCharacterId: d6c51e90-6f2a-4e8a-866d-5f8a36e6a6ac, stateCharacterId: d6c51e90-6f2a-4e8a-866d-5f8a36e6a6ac, pinnedChatId: null, chatCount: 1, applies: true} @ blob:http://localhost:7860/2c1c1b29-9400-455d-9f16-95683e34f990:7837
[ 1223914ms] [LOG] [lumiagent] chats_pushed received {msgCharacterId: d6c51e90-6f2a-4e8a-866d-5f8a36e6a6ac, stateCharacterId: d6c51e90-6f2a-4e8a-866d-5f8a36e6a6ac, pinnedChatId: null, chatCount: 1, applies: true} @ blob:http://localhost:7860/2c1c1b29-9400-455d-9f16-95683e34f990:7837
[ 1224483ms] [LOG] [lumiagent] chats_pushed received {msgCharacterId: d6c51e90-6f2a-4e8a-866d-5f8a36e6a6ac, stateCharacterId: d6c51e90-6f2a-4e8a-866d-5f8a36e6a6ac, pinnedChatId: null, chatCount: 1, applies: true} @ blob:http://localhost:7860/2c1c1b29-9400-455d-9f16-95683e34f990:7837
[ 1394324ms] [LOG] [lumiagent] chats_pushed received {msgCharacterId: d6c51e90-6f2a-4e8a-866d-5f8a36e6a6ac, stateCharacterId: d6c51e90-6f2a-4e8a-866d-5f8a36e6a6ac, pinnedChatId: null, chatCount: 1, applies: true} @ blob:http://localhost:7860/2c1c1b29-9400-455d-9f16-95683e34f990:7837
[ 1394443ms] [LOG] [lumiagent] chats_pushed received {msgCharacterId: d6c51e90-6f2a-4e8a-866d-5f8a36e6a6ac, stateCharacterId: d6c51e90-6f2a-4e8a-866d-5f8a36e6a6ac, pinnedChatId: null, chatCount: 1, applies: true} @ blob:http://localhost:7860/2c1c1b29-9400-455d-9f16-95683e34f990:7837
[ 1438389ms] [LOG] [lumiagent] chats_pushed received {msgCharacterId: d6c51e90-6f2a-4e8a-866d-5f8a36e6a6ac, stateCharacterId: d6c51e90-6f2a-4e8a-866d-5f8a36e6a6ac, pinnedChatId: null, chatCount: 1, applies: true} @ blob:http://localhost:7860/2c1c1b29-9400-455d-9f16-95683e34f990:7837
[ 1439061ms] [LOG] [lumiagent] chats_pushed received {msgCharacterId: d6c51e90-6f2a-4e8a-866d-5f8a36e6a6ac, stateCharacterId: d6c51e90-6f2a-4e8a-866d-5f8a36e6a6ac, pinnedChatId: null, chatCount: 1, applies: true} @ blob:http://localhost:7860/2c1c1b29-9400-455d-9f16-95683e34f990:7837
[ 3482577ms] [WARNING] The AudioContext was not allowed to start. It must be resumed (or created) after a user gesture on the page. https://developer.chrome.com/blog/autoplay/#web_audio @ http://localhost:7860/assets/index-CprhqZZh.js:647
[ 3482577ms] [WARNING] The AudioContext was not allowed to start. It must be resumed (or created) after a user gesture on the page. https://developer.chrome.com/blog/autoplay/#web_audio @ http://localhost:7860/assets/index-CprhqZZh.js:647
[ 3483304ms] [LOG] [WS] Connected to ws://localhost:7860/api/ws @ http://localhost:7860/assets/index-CvlmbsW2.js:21
[ 3483981ms] [ERROR] Failed to load resource: the server responded with a status of 404 (Not Found) @ http://localhost:7860/api/v1/settings/spindle%3Alumiverse_suite%3Acharacter_display%3AcharacterDisplaySettings:0
[ 3485587ms] [LOG] [la-geom] initial layout snapshot {viewport: Object, drawer: Object, thread: Object, composer: Object, mousey: Object} @ blob:http://localhost:7860/a4947ba1-d5d8-4b4a-9d2b-42179758e218:8113
[ 3486532ms] [LOG] [lumiagent] chats_pushed received {msgCharacterId: d6c51e90-6f2a-4e8a-866d-5f8a36e6a6ac, stateCharacterId: d6c51e90-6f2a-4e8a-866d-5f8a36e6a6ac, pinnedChatId: null, chatCount: 1, applies: true} @ blob:http://localhost:7860/a4947ba1-d5d8-4b4a-9d2b-42179758e218:7837
[ 3486669ms] [LOG] [lumiagent] chats_pushed received {msgCharacterId: d6c51e90-6f2a-4e8a-866d-5f8a36e6a6ac, stateCharacterId: d6c51e90-6f2a-4e8a-866d-5f8a36e6a6ac, pinnedChatId: null, chatCount: 1, applies: true} @ blob:http://localhost:7860/a4947ba1-d5d8-4b4a-9d2b-42179758e218:7837
[ 3529243ms] [LOG] [WS] Connected to ws://localhost:7860/api/ws @ http://localhost:7860/assets/index-CprhqZZh.js:21
[ 3529757ms] [ERROR] Failed to load resource: the server responded with a status of 404 (Not Found) @ http://localhost:7860/api/v1/settings/spindle%3Alumiverse_suite%3Acharacter_display%3AcharacterDisplaySettings:0
[ 3530786ms] [LOG] [la-geom] initial layout snapshot {viewport: Object, drawer: Object, thread: Object, composer: Object, mousey: Object} @ blob:http://localhost:7860/1aa40ff1-1d45-42fb-9885-9aadae80f084:8113
[ 3531052ms] [LOG] [lumiagent] chats_pushed received {msgCharacterId: d6c51e90-6f2a-4e8a-866d-5f8a36e6a6ac, stateCharacterId: d6c51e90-6f2a-4e8a-866d-5f8a36e6a6ac, pinnedChatId: null, chatCount: 1, applies: true} @ blob:http://localhost:7860/1aa40ff1-1d45-42fb-9885-9aadae80f084:7837
[ 3531056ms] [LOG] [lumiagent] chats_pushed received {msgCharacterId: d6c51e90-6f2a-4e8a-866d-5f8a36e6a6ac, stateCharacterId: d6c51e90-6f2a-4e8a-866d-5f8a36e6a6ac, pinnedChatId: null, chatCount: 1, applies: true} @ blob:http://localhost:7860/1aa40ff1-1d45-42fb-9885-9aadae80f084:7837
[ 3536188ms] [LOG] [WS] Connected to ws://localhost:7860/api/ws @ http://localhost:7860/assets/index-CvlmbsW2.js:21
[ 3536598ms] [ERROR] Failed to load resource: the server responded with a status of 404 (Not Found) @ http://localhost:7860/api/v1/settings/spindle%3Alumiverse_suite%3Acharacter_display%3AcharacterDisplaySettings:0
[ 3537039ms] [LOG] [la-geom] initial layout snapshot {viewport: Object, drawer: Object, thread: Object, composer: Object, mousey: Object} @ blob:http://localhost:7860/8a18fd11-2069-48a6-8b27-b25f21314a28:8113
[ 3537286ms] [LOG] [lumiagent] chats_pushed received {msgCharacterId: d6c51e90-6f2a-4e8a-866d-5f8a36e6a6ac, stateCharacterId: d6c51e90-6f2a-4e8a-866d-5f8a36e6a6ac, pinnedChatId: null, chatCount: 1, applies: true} @ blob:http://localhost:7860/8a18fd11-2069-48a6-8b27-b25f21314a28:7837
[ 3537439ms] [LOG] [lumiagent] chats_pushed received {msgCharacterId: d6c51e90-6f2a-4e8a-866d-5f8a36e6a6ac, stateCharacterId: d6c51e90-6f2a-4e8a-866d-5f8a36e6a6ac, pinnedChatId: null, chatCount: 1, applies: true} @ blob:http://localhost:7860/8a18fd11-2069-48a6-8b27-b25f21314a28:7837
[ 3549784ms] [LOG] [WS] Connected to ws://localhost:7860/api/ws @ http://localhost:7860/assets/index-CvlmbsW2.js:21
[ 3550208ms] [ERROR] Failed to load resource: the server responded with a status of 404 (Not Found) @ http://localhost:7860/api/v1/settings/spindle%3Alumiverse_suite%3Acharacter_display%3AcharacterDisplaySettings:0
[ 3550400ms] [LOG] [la-geom] initial layout snapshot {viewport: Object, drawer: Object, thread: Object, composer: Object, mousey: Object} @ blob:http://localhost:7860/f22fc843-bc1f-4eb6-ad69-05e13977ca62:8113
[ 3551601ms] [LOG] [lumiagent] chats_pushed received {msgCharacterId: d6c51e90-6f2a-4e8a-866d-5f8a36e6a6ac, stateCharacterId: d6c51e90-6f2a-4e8a-866d-5f8a36e6a6ac, pinnedChatId: null, chatCount: 1, applies: true} @ blob:http://localhost:7860/f22fc843-bc1f-4eb6-ad69-05e13977ca62:7837
[ 3551622ms] [LOG] [lumiagent] chats_pushed received {msgCharacterId: d6c51e90-6f2a-4e8a-866d-5f8a36e6a6ac, stateCharacterId: d6c51e90-6f2a-4e8a-866d-5f8a36e6a6ac, pinnedChatId: null, chatCount: 1, applies: true} @ blob:http://localhost:7860/f22fc843-bc1f-4eb6-ad69-05e13977ca62:7837
[ 3560663ms] [LOG] [lumiagent] chats_pushed received {msgCharacterId: d6c51e90-6f2a-4e8a-866d-5f8a36e6a6ac, stateCharacterId: d6c51e90-6f2a-4e8a-866d-5f8a36e6a6ac, pinnedChatId: null, chatCount: 1, applies: true} @ blob:http://localhost:7860/f22fc843-bc1f-4eb6-ad69-05e13977ca62:7837
[ 3560707ms] [LOG] [lumiagent] chats_pushed received {msgCharacterId: d6c51e90-6f2a-4e8a-866d-5f8a36e6a6ac, stateCharacterId: d6c51e90-6f2a-4e8a-866d-5f8a36e6a6ac, pinnedChatId: null, chatCount: 1, applies: true} @ blob:http://localhost:7860/f22fc843-bc1f-4eb6-ad69-05e13977ca62:7837
[ 3608193ms] [LOG] [lumiagent] chats_pushed received {msgCharacterId: d6c51e90-6f2a-4e8a-866d-5f8a36e6a6ac, stateCharacterId: d6c51e90-6f2a-4e8a-866d-5f8a36e6a6ac, pinnedChatId: null, chatCount: 1, applies: true} @ blob:http://localhost:7860/f22fc843-bc1f-4eb6-ad69-05e13977ca62:7837
[ 3608198ms] [LOG] [lumiagent] chats_pushed received {msgCharacterId: d6c51e90-6f2a-4e8a-866d-5f8a36e6a6ac, stateCharacterId: d6c51e90-6f2a-4e8a-866d-5f8a36e6a6ac, pinnedChatId: null, chatCount: 1, applies: true} @ blob:http://localhost:7860/f22fc843-bc1f-4eb6-ad69-05e13977ca62:7837
[ 3614666ms] [LOG] [lumiagent] chats_pushed received {msgCharacterId: d6c51e90-6f2a-4e8a-866d-5f8a36e6a6ac, stateCharacterId: d6c51e90-6f2a-4e8a-866d-5f8a36e6a6ac, pinnedChatId: null, chatCount: 1, applies: true} @ blob:http://localhost:7860/f22fc843-bc1f-4eb6-ad69-05e13977ca62:7837
[ 3614760ms] [LOG] [lumiagent] chats_pushed received {msgCharacterId: d6c51e90-6f2a-4e8a-866d-5f8a36e6a6ac, stateCharacterId: d6c51e90-6f2a-4e8a-866d-5f8a36e6a6ac, pinnedChatId: null, chatCount: 1, applies: true} @ blob:http://localhost:7860/f22fc843-bc1f-4eb6-ad69-05e13977ca62:7837
[ 3703529ms] [LOG] [lumiagent] chats_pushed received {msgCharacterId: d6c51e90-6f2a-4e8a-866d-5f8a36e6a6ac, stateCharacterId: d6c51e90-6f2a-4e8a-866d-5f8a36e6a6ac, pinnedChatId: null, chatCount: 1, applies: true} @ blob:http://localhost:7860/f22fc843-bc1f-4eb6-ad69-05e13977ca62:7837
[ 3703587ms] [LOG] [lumiagent] chats_pushed received {msgCharacterId: d6c51e90-6f2a-4e8a-866d-5f8a36e6a6ac, stateCharacterId: d6c51e90-6f2a-4e8a-866d-5f8a36e6a6ac, pinnedChatId: null, chatCount: 1, applies: true} @ blob:http://localhost:7860/f22fc843-bc1f-4eb6-ad69-05e13977ca62:7837
[ 7151359ms] [LOG] [WS] Connected to ws://localhost:7860/api/ws @ http://localhost:7860/assets/index-DgE7e9H4.js:21
[ 7152093ms] [ERROR] Failed to load resource: the server responded with a status of 404 (Not Found) @ http://localhost:7860/api/v1/settings/spindle%3Alumiverse_suite%3Acharacter_display%3AcharacterDisplaySettings:0
[ 7152237ms] [LOG] [la-geom] initial layout snapshot {viewport: Object, drawer: Object, thread: Object, composer: Object, mousey: Object} @ blob:http://localhost:7860/624fdf73-f49d-43a2-a037-c331db6156bf:8113
[ 7154518ms] [LOG] [lumiagent] chats_pushed received {msgCharacterId: d6c51e90-6f2a-4e8a-866d-5f8a36e6a6ac, stateCharacterId: d6c51e90-6f2a-4e8a-866d-5f8a36e6a6ac, pinnedChatId: null, chatCount: 1, applies: true} @ blob:http://localhost:7860/624fdf73-f49d-43a2-a037-c331db6156bf:7837
[ 7154696ms] [LOG] [lumiagent] chats_pushed received {msgCharacterId: d6c51e90-6f2a-4e8a-866d-5f8a36e6a6ac, stateCharacterId: d6c51e90-6f2a-4e8a-866d-5f8a36e6a6ac, pinnedChatId: null, chatCount: 1, applies: true} @ blob:http://localhost:7860/624fdf73-f49d-43a2-a037-c331db6156bf:7837
[ 7307146ms] [LOG] [lumiagent] chats_pushed received {msgCharacterId: d6c51e90-6f2a-4e8a-866d-5f8a36e6a6ac, stateCharacterId: d6c51e90-6f2a-4e8a-866d-5f8a36e6a6ac, pinnedChatId: null, chatCount: 1, applies: true} @ blob:http://localhost:7860/624fdf73-f49d-43a2-a037-c331db6156bf:7837
[ 7307196ms] [LOG] [lumiagent] chats_pushed received {msgCharacterId: d6c51e90-6f2a-4e8a-866d-5f8a36e6a6ac, stateCharacterId: d6c51e90-6f2a-4e8a-866d-5f8a36e6a6ac, pinnedChatId: null, chatCount: 1, applies: true} @ blob:http://localhost:7860/624fdf73-f49d-43a2-a037-c331db6156bf:7837
[ 8417890ms] [LOG] [lumiagent] chats_pushed received {msgCharacterId: d6c51e90-6f2a-4e8a-866d-5f8a36e6a6ac, stateCharacterId: d6c51e90-6f2a-4e8a-866d-5f8a36e6a6ac, pinnedChatId: null, chatCount: 1, applies: true} @ blob:http://localhost:7860/624fdf73-f49d-43a2-a037-c331db6156bf:7837
[ 8418436ms] [LOG] [lumiagent] chats_pushed received {msgCharacterId: d6c51e90-6f2a-4e8a-866d-5f8a36e6a6ac, stateCharacterId: d6c51e90-6f2a-4e8a-866d-5f8a36e6a6ac, pinnedChatId: null, chatCount: 1, applies: true} @ blob:http://localhost:7860/624fdf73-f49d-43a2-a037-c331db6156bf:7837
[ 8957442ms] [LOG] [lumiagent] chats_pushed received {msgCharacterId: d6c51e90-6f2a-4e8a-866d-5f8a36e6a6ac, stateCharacterId: d6c51e90-6f2a-4e8a-866d-5f8a36e6a6ac, pinnedChatId: null, chatCount: 1, applies: true} @ blob:http://localhost:7860/624fdf73-f49d-43a2-a037-c331db6156bf:7837
[ 8957722ms] [LOG] [lumiagent] chats_pushed received {msgCharacterId: d6c51e90-6f2a-4e8a-866d-5f8a36e6a6ac, stateCharacterId: d6c51e90-6f2a-4e8a-866d-5f8a36e6a6ac, pinnedChatId: null, chatCount: 1, applies: true} @ blob:http://localhost:7860/624fdf73-f49d-43a2-a037-c331db6156bf:7837
[ 9063720ms] [LOG] [lumiagent] chats_pushed received {msgCharacterId: d6c51e90-6f2a-4e8a-866d-5f8a36e6a6ac, stateCharacterId: d6c51e90-6f2a-4e8a-866d-5f8a36e6a6ac, pinnedChatId: null, chatCount: 1, applies: true} @ blob:http://localhost:7860/624fdf73-f49d-43a2-a037-c331db6156bf:7837
[ 9064378ms] [LOG] [lumiagent] chats_pushed received {msgCharacterId: d6c51e90-6f2a-4e8a-866d-5f8a36e6a6ac, stateCharacterId: d6c51e90-6f2a-4e8a-866d-5f8a36e6a6ac, pinnedChatId: null, chatCount: 1, applies: true} @ blob:http://localhost:7860/624fdf73-f49d-43a2-a037-c331db6156bf:7837
[ 9138199ms] [LOG] [lumiagent] chats_pushed received {msgCharacterId: d6c51e90-6f2a-4e8a-866d-5f8a36e6a6ac, stateCharacterId: d6c51e90-6f2a-4e8a-866d-5f8a36e6a6ac, pinnedChatId: null, chatCount: 1, applies: true} @ blob:http://localhost:7860/624fdf73-f49d-43a2-a037-c331db6156bf:7837
[ 9138582ms] [LOG] [lumiagent] chats_pushed received {msgCharacterId: d6c51e90-6f2a-4e8a-866d-5f8a36e6a6ac, stateCharacterId: d6c51e90-6f2a-4e8a-866d-5f8a36e6a6ac, pinnedChatId: null, chatCount: 1, applies: true} @ blob:http://localhost:7860/624fdf73-f49d-43a2-a037-c331db6156bf:7837
[ 9204043ms] [LOG] [lumiagent] chats_pushed received {msgCharacterId: d6c51e90-6f2a-4e8a-866d-5f8a36e6a6ac, stateCharacterId: d6c51e90-6f2a-4e8a-866d-5f8a36e6a6ac, pinnedChatId: null, chatCount: 1, applies: true} @ blob:http://localhost:7860/624fdf73-f49d-43a2-a037-c331db6156bf:7837
[ 9204224ms] [LOG] [lumiagent] chats_pushed received {msgCharacterId: d6c51e90-6f2a-4e8a-866d-5f8a36e6a6ac, stateCharacterId: d6c51e90-6f2a-4e8a-866d-5f8a36e6a6ac, pinnedChatId: null, chatCount: 1, applies: true} @ blob:http://localhost:7860/624fdf73-f49d-43a2-a037-c331db6156bf:7837
[12002181ms] [LOG] [lumiagent] chats_pushed received {msgCharacterId: d6c51e90-6f2a-4e8a-866d-5f8a36e6a6ac, stateCharacterId: d6c51e90-6f2a-4e8a-866d-5f8a36e6a6ac, pinnedChatId: null, chatCount: 1, applies: true} @ blob:http://localhost:7860/624fdf73-f49d-43a2-a037-c331db6156bf:7837
[12002351ms] [LOG] [lumiagent] chats_pushed received {msgCharacterId: d6c51e90-6f2a-4e8a-866d-5f8a36e6a6ac, stateCharacterId: d6c51e90-6f2a-4e8a-866d-5f8a36e6a6ac, pinnedChatId: null, chatCount: 1, applies: true} @ blob:http://localhost:7860/624fdf73-f49d-43a2-a037-c331db6156bf:7837
[12011564ms] [LOG] [lumiagent] chats_pushed received {msgCharacterId: d6c51e90-6f2a-4e8a-866d-5f8a36e6a6ac, stateCharacterId: d6c51e90-6f2a-4e8a-866d-5f8a36e6a6ac, pinnedChatId: null, chatCount: 1, applies: true} @ blob:http://localhost:7860/624fdf73-f49d-43a2-a037-c331db6156bf:7837
[12011570ms] [LOG] [lumiagent] chats_pushed received {msgCharacterId: d6c51e90-6f2a-4e8a-866d-5f8a36e6a6ac, stateCharacterId: d6c51e90-6f2a-4e8a-866d-5f8a36e6a6ac, pinnedChatId: null, chatCount: 1, applies: true} @ blob:http://localhost:7860/624fdf73-f49d-43a2-a037-c331db6156bf:7837
[12017217ms] [LOG] [lumiagent] chats_pushed received {msgCharacterId: d6c51e90-6f2a-4e8a-866d-5f8a36e6a6ac, stateCharacterId: d6c51e90-6f2a-4e8a-866d-5f8a36e6a6ac, pinnedChatId: null, chatCount: 1, applies: true} @ blob:http://localhost:7860/624fdf73-f49d-43a2-a037-c331db6156bf:7837
[12017266ms] [LOG] [lumiagent] chats_pushed received {msgCharacterId: d6c51e90-6f2a-4e8a-866d-5f8a36e6a6ac, stateCharacterId: d6c51e90-6f2a-4e8a-866d-5f8a36e6a6ac, pinnedChatId: null, chatCount: 1, applies: true} @ blob:http://localhost:7860/624fdf73-f49d-43a2-a037-c331db6156bf:7837
[12091606ms] [LOG] [lumiagent] chats_pushed received {msgCharacterId: d6c51e90-6f2a-4e8a-866d-5f8a36e6a6ac, stateCharacterId: d6c51e90-6f2a-4e8a-866d-5f8a36e6a6ac, pinnedChatId: null, chatCount: 1, applies: true} @ blob:http://localhost:7860/624fdf73-f49d-43a2-a037-c331db6156bf:7837
[12091666ms] [LOG] [lumiagent] chats_pushed received {msgCharacterId: d6c51e90-6f2a-4e8a-866d-5f8a36e6a6ac, stateCharacterId: d6c51e90-6f2a-4e8a-866d-5f8a36e6a6ac, pinnedChatId: null, chatCount: 1, applies: true} @ blob:http://localhost:7860/624fdf73-f49d-43a2-a037-c331db6156bf:7837
[12134055ms] [LOG] [lumiagent] chats_pushed received {msgCharacterId: d6c51e90-6f2a-4e8a-866d-5f8a36e6a6ac, stateCharacterId: d6c51e90-6f2a-4e8a-866d-5f8a36e6a6ac, pinnedChatId: null, chatCount: 1, applies: true} @ blob:http://localhost:7860/624fdf73-f49d-43a2-a037-c331db6156bf:7837
[12134077ms] [LOG] [lumiagent] chats_pushed received {msgCharacterId: d6c51e90-6f2a-4e8a-866d-5f8a36e6a6ac, stateCharacterId: d6c51e90-6f2a-4e8a-866d-5f8a36e6a6ac, pinnedChatId: null, chatCount: 1, applies: true} @ blob:http://localhost:7860/624fdf73-f49d-43a2-a037-c331db6156bf:7837
[12150486ms] [LOG] [WS] Connected to ws://localhost:7860/api/ws @ http://localhost:7860/assets/index-DxGIyaME.js:21
[12151097ms] [ERROR] Failed to load resource: the server responded with a status of 404 (Not Found) @ http://localhost:7860/api/v1/settings/spindle%3Alumiverse_suite%3Acharacter_display%3AcharacterDisplaySettings:0
[12152703ms] [LOG] [la-geom] initial layout snapshot {viewport: Object, drawer: Object, thread: Object, composer: Object, mousey: Object} @ blob:http://localhost:7860/3c702e8b-a9b9-4e00-831a-e6389e407dd3:8113
[12153447ms] [LOG] [lumiagent] chats_pushed received {msgCharacterId: d6c51e90-6f2a-4e8a-866d-5f8a36e6a6ac, stateCharacterId: d6c51e90-6f2a-4e8a-866d-5f8a36e6a6ac, pinnedChatId: null, chatCount: 1, applies: true} @ blob:http://localhost:7860/3c702e8b-a9b9-4e00-831a-e6389e407dd3:7837
[12153457ms] [LOG] [lumiagent] chats_pushed received {msgCharacterId: d6c51e90-6f2a-4e8a-866d-5f8a36e6a6ac, stateCharacterId: d6c51e90-6f2a-4e8a-866d-5f8a36e6a6ac, pinnedChatId: null, chatCount: 1, applies: true} @ blob:http://localhost:7860/3c702e8b-a9b9-4e00-831a-e6389e407dd3:7837
[12206750ms] [LOG] [lumiagent] chats_pushed received {msgCharacterId: d6c51e90-6f2a-4e8a-866d-5f8a36e6a6ac, stateCharacterId: d6c51e90-6f2a-4e8a-866d-5f8a36e6a6ac, pinnedChatId: null, chatCount: 1, applies: true} @ blob:http://localhost:7860/3c702e8b-a9b9-4e00-831a-e6389e407dd3:7837
[12206766ms] [LOG] [lumiagent] chats_pushed received {msgCharacterId: d6c51e90-6f2a-4e8a-866d-5f8a36e6a6ac, stateCharacterId: d6c51e90-6f2a-4e8a-866d-5f8a36e6a6ac, pinnedChatId: null, chatCount: 1, applies: true} @ blob:http://localhost:7860/3c702e8b-a9b9-4e00-831a-e6389e407dd3:7837
[13798060ms] [LOG] [lumiagent] chats_pushed received {msgCharacterId: d6c51e90-6f2a-4e8a-866d-5f8a36e6a6ac, stateCharacterId: d6c51e90-6f2a-4e8a-866d-5f8a36e6a6ac, pinnedChatId: null, chatCount: 1, applies: true} @ blob:http://localhost:7860/3c702e8b-a9b9-4e00-831a-e6389e407dd3:7837
[13798061ms] [LOG] [lumiagent] chats_pushed received {msgCharacterId: d6c51e90-6f2a-4e8a-866d-5f8a36e6a6ac, stateCharacterId: d6c51e90-6f2a-4e8a-866d-5f8a36e6a6ac, pinnedChatId: null, chatCount: 1, applies: true} @ blob:http://localhost:7860/3c702e8b-a9b9-4e00-831a-e6389e407dd3:7837
[13804743ms] [LOG] [lumiagent] chats_pushed received {msgCharacterId: d6c51e90-6f2a-4e8a-866d-5f8a36e6a6ac, stateCharacterId: d6c51e90-6f2a-4e8a-866d-5f8a36e6a6ac, pinnedChatId: null, chatCount: 1, applies: true} @ blob:http://localhost:7860/3c702e8b-a9b9-4e00-831a-e6389e407dd3:7837
[13804821ms] [LOG] [lumiagent] chats_pushed received {msgCharacterId: d6c51e90-6f2a-4e8a-866d-5f8a36e6a6ac, stateCharacterId: d6c51e90-6f2a-4e8a-866d-5f8a36e6a6ac, pinnedChatId: null, chatCount: 1, applies: true} @ blob:http://localhost:7860/3c702e8b-a9b9-4e00-831a-e6389e407dd3:7837
[14525485ms] [LOG] [lumiagent] chats_pushed received {msgCharacterId: d6c51e90-6f2a-4e8a-866d-5f8a36e6a6ac, stateCharacterId: d6c51e90-6f2a-4e8a-866d-5f8a36e6a6ac, pinnedChatId: null, chatCount: 1, applies: true} @ blob:http://localhost:7860/3c702e8b-a9b9-4e00-831a-e6389e407dd3:7837
[14525552ms] [LOG] [lumiagent] chats_pushed received {msgCharacterId: d6c51e90-6f2a-4e8a-866d-5f8a36e6a6ac, stateCharacterId: d6c51e90-6f2a-4e8a-866d-5f8a36e6a6ac, pinnedChatId: null, chatCount: 1, applies: true} @ blob:http://localhost:7860/3c702e8b-a9b9-4e00-831a-e6389e407dd3:7837
[15431571ms] [LOG] [lumiagent] chats_pushed received {msgCharacterId: d6c51e90-6f2a-4e8a-866d-5f8a36e6a6ac, stateCharacterId: d6c51e90-6f2a-4e8a-866d-5f8a36e6a6ac, pinnedChatId: null, chatCount: 1, applies: true} @ blob:http://localhost:7860/3c702e8b-a9b9-4e00-831a-e6389e407dd3:7837
[15431588ms] [LOG] [lumiagent] chats_pushed received {msgCharacterId: d6c51e90-6f2a-4e8a-866d-5f8a36e6a6ac, stateCharacterId: d6c51e90-6f2a-4e8a-866d-5f8a36e6a6ac, pinnedChatId: null, chatCount: 1, applies: true} @ blob:http://localhost:7860/3c702e8b-a9b9-4e00-831a-e6389e407dd3:7837
[15450039ms] [LOG] [lumiagent] chats_pushed received {msgCharacterId: d6c51e90-6f2a-4e8a-866d-5f8a36e6a6ac, stateCharacterId: d6c51e90-6f2a-4e8a-866d-5f8a36e6a6ac, pinnedChatId: null, chatCount: 1, applies: true} @ blob:http://localhost:7860/3c702e8b-a9b9-4e00-831a-e6389e407dd3:7837
[15450098ms] [LOG] [lumiagent] chats_pushed received {msgCharacterId: d6c51e90-6f2a-4e8a-866d-5f8a36e6a6ac, stateCharacterId: d6c51e90-6f2a-4e8a-866d-5f8a36e6a6ac, pinnedChatId: null, chatCount: 1, applies: true} @ blob:http://localhost:7860/3c702e8b-a9b9-4e00-831a-e6389e407dd3:7837
[15517338ms] [LOG] [lumiagent] chats_pushed received {msgCharacterId: d6c51e90-6f2a-4e8a-866d-5f8a36e6a6ac, stateCharacterId: d6c51e90-6f2a-4e8a-866d-5f8a36e6a6ac, pinnedChatId: null, chatCount: 1, applies: true} @ blob:http://localhost:7860/3c702e8b-a9b9-4e00-831a-e6389e407dd3:7837
[15517347ms] [LOG] [lumiagent] chats_pushed received {msgCharacterId: d6c51e90-6f2a-4e8a-866d-5f8a36e6a6ac, stateCharacterId: d6c51e90-6f2a-4e8a-866d-5f8a36e6a6ac, pinnedChatId: null, chatCount: 1, applies: true} @ blob:http://localhost:7860/3c702e8b-a9b9-4e00-831a-e6389e407dd3:7837
[15653988ms] [LOG] [lumiagent] chats_pushed received {msgCharacterId: d6c51e90-6f2a-4e8a-866d-5f8a36e6a6ac, stateCharacterId: d6c51e90-6f2a-4e8a-866d-5f8a36e6a6ac, pinnedChatId: null, chatCount: 1, applies: true} @ blob:http://localhost:7860/3c702e8b-a9b9-4e00-831a-e6389e407dd3:7837
[15654057ms] [LOG] [lumiagent] chats_pushed received {msgCharacterId: d6c51e90-6f2a-4e8a-866d-5f8a36e6a6ac, stateCharacterId: d6c51e90-6f2a-4e8a-866d-5f8a36e6a6ac, pinnedChatId: null, chatCount: 1, applies: true} @ blob:http://localhost:7860/3c702e8b-a9b9-4e00-831a-e6389e407dd3:7837
[15670961ms] [LOG] [lumiagent] chats_pushed received {msgCharacterId: d6c51e90-6f2a-4e8a-866d-5f8a36e6a6ac, stateCharacterId: d6c51e90-6f2a-4e8a-866d-5f8a36e6a6ac, pinnedChatId: null, chatCount: 1, applies: true} @ blob:http://localhost:7860/3c702e8b-a9b9-4e00-831a-e6389e407dd3:7837
[15670961ms] [LOG] [lumiagent] chats_pushed received {msgCharacterId: d6c51e90-6f2a-4e8a-866d-5f8a36e6a6ac, stateCharacterId: d6c51e90-6f2a-4e8a-866d-5f8a36e6a6ac, pinnedChatId: null, chatCount: 1, applies: true} @ blob:http://localhost:7860/3c702e8b-a9b9-4e00-831a-e6389e407dd3:7837
[15716707ms] [LOG] [lumiagent] chats_pushed received {msgCharacterId: d6c51e90-6f2a-4e8a-866d-5f8a36e6a6ac, stateCharacterId: d6c51e90-6f2a-4e8a-866d-5f8a36e6a6ac, pinnedChatId: null, chatCount: 1, applies: true} @ blob:http://localhost:7860/3c702e8b-a9b9-4e00-831a-e6389e407dd3:7837
[15716790ms] [LOG] [lumiagent] chats_pushed received {msgCharacterId: d6c51e90-6f2a-4e8a-866d-5f8a36e6a6ac, stateCharacterId: d6c51e90-6f2a-4e8a-866d-5f8a36e6a6ac, pinnedChatId: null, chatCount: 1, applies: true} @ blob:http://localhost:7860/3c702e8b-a9b9-4e00-831a-e6389e407dd3:7837
[15726337ms] [LOG] [lumiagent] chats_pushed received {msgCharacterId: d6c51e90-6f2a-4e8a-866d-5f8a36e6a6ac, stateCharacterId: d6c51e90-6f2a-4e8a-866d-5f8a36e6a6ac, pinnedChatId: null, chatCount: 1, applies: true} @ blob:http://localhost:7860/3c702e8b-a9b9-4e00-831a-e6389e407dd3:7837
[15726384ms] [LOG] [lumiagent] chats_pushed received {msgCharacterId: d6c51e90-6f2a-4e8a-866d-5f8a36e6a6ac, stateCharacterId: d6c51e90-6f2a-4e8a-866d-5f8a36e6a6ac, pinnedChatId: null, chatCount: 1, applies: true} @ blob:http://localhost:7860/3c702e8b-a9b9-4e00-831a-e6389e407dd3:7837
[15751938ms] [LOG] [WS] Connected to ws://localhost:7860/api/ws @ http://localhost:7860/assets/index-B0qa9VFg.js:21
[15752600ms] [ERROR] Failed to load resource: the server responded with a status of 404 (Not Found) @ http://localhost:7860/api/v1/settings/spindle%3Alumiverse_suite%3Acharacter_display%3AcharacterDisplaySettings:0
[15754313ms] [LOG] [la-geom] initial layout snapshot {viewport: Object, drawer: Object, thread: Object, composer: Object, mousey: Object} @ blob:http://localhost:7860/25d423d6-f9bf-4ddc-9f70-ad65ebf66d3e:8113
[15756227ms] [LOG] [lumiagent] chats_pushed received {msgCharacterId: d6c51e90-6f2a-4e8a-866d-5f8a36e6a6ac, stateCharacterId: d6c51e90-6f2a-4e8a-866d-5f8a36e6a6ac, pinnedChatId: null, chatCount: 1, applies: true} @ blob:http://localhost:7860/25d423d6-f9bf-4ddc-9f70-ad65ebf66d3e:7837
[15756227ms] [LOG] [lumiagent] chats_pushed received {msgCharacterId: d6c51e90-6f2a-4e8a-866d-5f8a36e6a6ac, stateCharacterId: d6c51e90-6f2a-4e8a-866d-5f8a36e6a6ac, pinnedChatId: null, chatCount: 1, applies: true} @ blob:http://localhost:7860/25d423d6-f9bf-4ddc-9f70-ad65ebf66d3e:7837
[15832902ms] [LOG] [lumiagent] chats_pushed received {msgCharacterId: d6c51e90-6f2a-4e8a-866d-5f8a36e6a6ac, stateCharacterId: d6c51e90-6f2a-4e8a-866d-5f8a36e6a6ac, pinnedChatId: null, chatCount: 1, applies: true} @ blob:http://localhost:7860/25d423d6-f9bf-4ddc-9f70-ad65ebf66d3e:7837
[15832965ms] [LOG] [lumiagent] chats_pushed received {msgCharacterId: d6c51e90-6f2a-4e8a-866d-5f8a36e6a6ac, stateCharacterId: d6c51e90-6f2a-4e8a-866d-5f8a36e6a6ac, pinnedChatId: null, chatCount: 1, applies: true} @ blob:http://localhost:7860/25d423d6-f9bf-4ddc-9f70-ad65ebf66d3e:7837
[16121970ms] [LOG] [lumiagent] chats_pushed received {msgCharacterId: d6c51e90-6f2a-4e8a-866d-5f8a36e6a6ac, stateCharacterId: d6c51e90-6f2a-4e8a-866d-5f8a36e6a6ac, pinnedChatId: null, chatCount: 1, applies: true} @ blob:http://localhost:7860/25d423d6-f9bf-4ddc-9f70-ad65ebf66d3e:7837
[16121971ms] [LOG] [lumiagent] chats_pushed received {msgCharacterId: d6c51e90-6f2a-4e8a-866d-5f8a36e6a6ac, stateCharacterId: d6c51e90-6f2a-4e8a-866d-5f8a36e6a6ac, pinnedChatId: null, chatCount: 1, applies: true} @ blob:http://localhost:7860/25d423d6-f9bf-4ddc-9f70-ad65ebf66d3e:7837
[16258867ms] [LOG] [lumiagent] chats_pushed received {msgCharacterId: d6c51e90-6f2a-4e8a-866d-5f8a36e6a6ac, stateCharacterId: d6c51e90-6f2a-4e8a-866d-5f8a36e6a6ac, pinnedChatId: null, chatCount: 1, applies: true} @ blob:http://localhost:7860/25d423d6-f9bf-4ddc-9f70-ad65ebf66d3e:7837
[16259015ms] [LOG] [lumiagent] chats_pushed received {msgCharacterId: d6c51e90-6f2a-4e8a-866d-5f8a36e6a6ac, stateCharacterId: d6c51e90-6f2a-4e8a-866d-5f8a36e6a6ac, pinnedChatId: null, chatCount: 1, applies: true} @ blob:http://localhost:7860/25d423d6-f9bf-4ddc-9f70-ad65ebf66d3e:7837
[16279948ms] [LOG] [lumiagent] chats_pushed received {msgCharacterId: d6c51e90-6f2a-4e8a-866d-5f8a36e6a6ac, stateCharacterId: d6c51e90-6f2a-4e8a-866d-5f8a36e6a6ac, pinnedChatId: null, chatCount: 1, applies: true} @ blob:http://localhost:7860/25d423d6-f9bf-4ddc-9f70-ad65ebf66d3e:7837
[16280109ms] [LOG] [lumiagent] chats_pushed received {msgCharacterId: d6c51e90-6f2a-4e8a-866d-5f8a36e6a6ac, stateCharacterId: d6c51e90-6f2a-4e8a-866d-5f8a36e6a6ac, pinnedChatId: null, chatCount: 1, applies: true} @ blob:http://localhost:7860/25d423d6-f9bf-4ddc-9f70-ad65ebf66d3e:7837
[16894253ms] [LOG] [lumiagent] chats_pushed received {msgCharacterId: d6c51e90-6f2a-4e8a-866d-5f8a36e6a6ac, stateCharacterId: d6c51e90-6f2a-4e8a-866d-5f8a36e6a6ac, pinnedChatId: null, chatCount: 1, applies: true} @ blob:http://localhost:7860/25d423d6-f9bf-4ddc-9f70-ad65ebf66d3e:7837
[16894425ms] [LOG] [lumiagent] chats_pushed received {msgCharacterId: d6c51e90-6f2a-4e8a-866d-5f8a36e6a6ac, stateCharacterId: d6c51e90-6f2a-4e8a-866d-5f8a36e6a6ac, pinnedChatId: null, chatCount: 1, applies: true} @ blob:http://localhost:7860/25d423d6-f9bf-4ddc-9f70-ad65ebf66d3e:7837
[16926806ms] [LOG] [lumiagent] chats_pushed received {msgCharacterId: d6c51e90-6f2a-4e8a-866d-5f8a36e6a6ac, stateCharacterId: d6c51e90-6f2a-4e8a-866d-5f8a36e6a6ac, pinnedChatId: null, chatCount: 1, applies: true} @ blob:http://localhost:7860/25d423d6-f9bf-4ddc-9f70-ad65ebf66d3e:7837
[16926846ms] [LOG] [lumiagent] chats_pushed received {msgCharacterId: d6c51e90-6f2a-4e8a-866d-5f8a36e6a6ac, stateCharacterId: d6c51e90-6f2a-4e8a-866d-5f8a36e6a6ac, pinnedChatId: null, chatCount: 1, applies: true} @ blob:http://localhost:7860/25d423d6-f9bf-4ddc-9f70-ad65ebf66d3e:7837
[16932343ms] [LOG] [lumiagent] chats_pushed received {msgCharacterId: d6c51e90-6f2a-4e8a-866d-5f8a36e6a6ac, stateCharacterId: d6c51e90-6f2a-4e8a-866d-5f8a36e6a6ac, pinnedChatId: null, chatCount: 1, applies: true} @ blob:http://localhost:7860/25d423d6-f9bf-4ddc-9f70-ad65ebf66d3e:7837
[16932446ms] [LOG] [lumiagent] chats_pushed received {msgCharacterId: d6c51e90-6f2a-4e8a-866d-5f8a36e6a6ac, stateCharacterId: d6c51e90-6f2a-4e8a-866d-5f8a36e6a6ac, pinnedChatId: null, chatCount: 1, applies: true} @ blob:http://localhost:7860/25d423d6-f9bf-4ddc-9f70-ad65ebf66d3e:7837
[16945758ms] [LOG] [lumiagent] chats_pushed received {msgCharacterId: d6c51e90-6f2a-4e8a-866d-5f8a36e6a6ac, stateCharacterId: d6c51e90-6f2a-4e8a-866d-5f8a36e6a6ac, pinnedChatId: null, chatCount: 1, applies: true} @ blob:http://localhost:7860/25d423d6-f9bf-4ddc-9f70-ad65ebf66d3e:7837
[16945759ms] [LOG] [lumiagent] chats_pushed received {msgCharacterId: d6c51e90-6f2a-4e8a-866d-5f8a36e6a6ac, stateCharacterId: d6c51e90-6f2a-4e8a-866d-5f8a36e6a6ac, pinnedChatId: null, chatCount: 1, applies: true} @ blob:http://localhost:7860/25d423d6-f9bf-4ddc-9f70-ad65ebf66d3e:7837
